// Jest Snapshot v1, https://goo.gl/fbAQLP

exports[`Thumbnail component snapshot renders default thumbnail 1`] = `
<ForwardRef
  className="ui__base ui__thumbnail"
  noFocusStyle={true}
  onBlur={[Function]}
  onFocus={[Function]}
>
  <div
    className="ui__thumbnail__image"
  >
    <ForwardRef
      alt="file_1.pdf"
      onRenderFallback={[Function]}
      onRenderLoading={[Function]}
      pending={true}
    />
  </div>
  <div
    className="ui__thumbnail__controls"
  />
  <ForwardRef
    centerText={true}
    className="ui__thumbnail__label"
    locked={true}
    onCancel={[Function]}
    onEdit={[Function]}
    onSave={[Function]}
    value="file_1.pdf"
  />
</ForwardRef>
`;
