// Jest Snapshot v1, https://goo.gl/fbAQLP

exports[`Thumbnail component snapshot renders default thumbnail 1`] = `
<ForwardRef
  className="ui__base ui__thumbnail"
  noFocusStyle={true}
  onBlur={[Function]}
  onClick={[Function]}
  onFocus={[Function]}
>
  <div
    className="ui__thumbnail__controls"
  >
    <ForwardRef>
      <img
        alt="rotate"
        src={[Function]}
      />
    </ForwardRef>
    <ForwardRef
      onClick={[Function]}
    >
      <img
        alt="close"
        src={[Function]}
      />
    </ForwardRef>
  </div>
  <div
    className="ui__thumbnail__image"
  >
    <Component />
  </div>
  <ForwardRef
    centerText={true}
    className="ui__thumbnail__label"
    onRenderText={[Function]}
    value="Test name"
  />
</ForwardRef>
`;
