// Jest Snapshot v1, https://goo.gl/fbAQLP

exports[`Draggable component snapshot renders default draggable 1`] = `
<DndProvider
  backend={[Function]}
>
  <Component
    index={0}
  >
    <Motion
      style={
        Object {
          "translateX": Object {
            "damping": 18,
            "precision": 0.01,
            "stiffness": 130,
            "val": 0,
          },
          "translateY": Object {
            "damping": 18,
            "precision": 0.01,
            "stiffness": 130,
            "val": 0,
          },
        }
      }
    >
      <div
        className="ui__base ui__draggable"
        style={
          Object {
            "WebkitTransform": "translate(0px, 0px)",
            "transform": "translate(0px, 0px)",
          }
        }
      >
        child
      </div>
    </Motion>
  </Component>
</DndProvider>
`;
