// Jest Snapshot v1, https://goo.gl/fbAQLP

exports[`Draggable component snapshot renders default draggable 1`] = `
<DndProvider
  backend={[Function]}
>
  <Component
    index={0}
  >
    <Motion
      style={
        Object {
          "x": Object {
            "damping": 30,
            "precision": 0.01,
            "stiffness": 300,
            "val": 0,
          },
          "y": Object {
            "damping": 30,
            "precision": 0.01,
            "stiffness": 300,
            "val": 0,
          },
        }
      }
    >
      <div
        className="ui__base ui__draggable"
        style={
          Object {
            "WebkitTransform": "translate3d(0px, 0px, 0)",
            "transform": "translate3d(0px, 0px, 0)",
            "zIndex": undefined,
          }
        }
      >
        child
      </div>
    </Motion>
  </Component>
</DndProvider>
`;
