// Jest Snapshot v1, https://goo.gl/fbAQLP

exports[`FileOrganizer component snapshot renders default FileOrganizer 1`] = `
<div
  className="ui__base ui__fileOrganizer"
>
  <DndProvider
    backend={[Function]}
  >
    <Component
      index={0}
      key="test"
      onKeyDown={[Function]}
      onMove={[Function]}
      onRenderChildren={[Function]}
    />
  </DndProvider>
</div>
`;
