// Jest Snapshot v1, https://goo.gl/fbAQLP

exports[`FileOrganizer component snapshot renders default FileOrganizer 1`] = `
<DndProvider
  backend={[Function]}
>
  <div
    className="ui__base ui__fileOrganizer"
    onClick={[Function]}
    onKeyDown={[Function]}
    role="grid"
  />
</DndProvider>
`;
