// Jest Snapshot v1, https://goo.gl/fbAQLP

exports[`FileOrganizer component snapshot renders default FileOrganizer 1`] = `
<DndProvider
  backend={[Function]}
>
  <div
    className="ui__base ui__fileOrganizer"
  >
    <Component
      hideDragPreview={false}
      index={0}
      key="test"
      onDragChange={[Function]}
      onKeyDown={[Function]}
      onMove={[Function]}
      onRenderChildren={[Function]}
    />
  </div>
</DndProvider>
`;
