// Jest Snapshot v1, https://goo.gl/fbAQLP

exports[`DraggableWrapper component snapshot renders default draggableWrapper 1`] = `
<DndProvider
  backend={[Function]}
>
  <Component
    index={0}
  >
    <div
      className="ui__base ui__draggableWrapper"
    >
      child
    </div>
  </Component>
</DndProvider>
`;
