// Jest Snapshot v1, https://goo.gl/fbAQLP

exports[`FileSkeleton component snapshot renders default fileSkeleton 1`] = `
<div
  className="ui__base ui__fileSkeleton"
>
  <div
    className="ui__fileSkeleton__block ui__fileSkeleton__block--thumbnail"
  />
  <div
    className="ui__fileSkeleton__block ui__fileSkeleton__block--line-sm"
  />
  <div
    className="ui__fileSkeleton__block ui__fileSkeleton__block--line-xs"
  />
  <div
    className="ui__fileSkeleton__block ui__fileSkeleton__block--line-df"
  />
  <div
    className="ui__fileSkeleton__block ui__fileSkeleton__block--line-lgx"
  />
  <div
    className="ui__fileSkeleton__block ui__fileSkeleton__block--line-lg"
  />
  <div
    className="ui__fileSkeleton__block ui__fileSkeleton__block--line-df"
  />
</div>
`;
