// Jest Snapshot v1, https://goo.gl/fbAQLP

exports[`ToolButton component snapshot renders default toolButton 1`] = `
<div
  className="ui__base ui__toolButton ui__toolButton--bottom"
>
  <ForwardRef
    className="ui__toolButton__action ui__toolButton--bottom"
    onClick={[Function]}
  />
</div>
`;
